/bin/sleep: invalid time interval `{{argu}}'
Try `/bin/sleep --help' for more information.
